// Jest Snapshot v1, https://goo.gl/fbAQLP

exports[`redux | reducers should populate the state with emails and tags 1`] = `
Object {
  "emailsById": Object {
    "1": Object {
      "id": "1",
      "subject": "Hello",
      "tags": Array [
        "travel",
      ],
    },
    "2": Object {
      "id": "2",
      "subject": "hello!!!",
      "tags": Array [
        "work",
        "travel",
      ],
    },
  },
  "emailsIdArray": Object {
    "all": Array [
      "1",
      "2",
    ],
    "travel": Array [
      "1",
      "2",
    ],
    "work": Array [
      "2",
    ],
  },
  "filter": "all",
  "messageCount": 2,
  "selectedEmails": Array [],
  "tags": Array [
    "travel",
    "work",
  ],
}
`;
