// Jest Snapshot v1, https://goo.gl/fbAQLP

exports[`redux | reducers should populate the state with emails and tags 1`] = `
Object {
  "emailsById": Object {
    "1": Object {
      "id": "1",
      "subject": "Hello",
      "tags": Array [
        "tag02",
      ],
    },
    "2": Object {
      "id": "2",
      "subject": "hello!!!",
      "tags": Array [
        "tag01",
        "tag02",
      ],
    },
  },
  "emailsIdArray": Array [
    "1",
    "2",
  ],
  "messageCount": 2,
  "selectedEmails": Array [],
  "tags": Array [
    "tag02",
    "tag01",
  ],
}
`;
