// Jest Snapshot v1, https://goo.gl/fbAQLP

exports[`components | EmailList renders the component 1`] = `
<div
  className="email-list"
>
  <EmailItem
    content={
      Object {
        "id": "1",
        "subject": "hello!",
      }
    }
    key="1"
  />
  <EmailItem
    content={
      Object {
        "id": "2",
        "subject": "hello!!",
      }
    }
    key="2"
  />
</div>
`;
